c:\projets\structuredonnee\tp1\tp1_structure\tp1_structure\x64\debug\vc143.pdb
c:\projets\structuredonnee\tp1\tp1_structure\tp1_structure\x64\debug\vc143.idb
c:\projets\structuredonnee\tp1\tp1_structure\tp1_structure\x64\debug\tempcoderunnerfile.obj
c:\projets\structuredonnee\tp1\tp1_structure\tp1_structure\x64\debug\noeud.obj
c:\projets\structuredonnee\tp1\tp1_structure\tp1_structure\x64\debug\main.obj
c:\projets\structuredonnee\tp1\tp1_structure\tp1_structure\x64\debug\commande.obj
c:\projets\structuredonnee\tp1\tp1_structure\tp1_structure\x64\debug\client.obj
c:\projets\structuredonnee\tp1\tp1_structure\tp1_structure\x64\debug\biscuit.obj
c:\projets\structuredonnee\tp1\tp1_structure\x64\debug\tp1_structure.pdb
c:\projets\structuredonnee\tp1\tp1_structure\tp1_structure\x64\debug\tp1_structure.tlog\cl.command.1.tlog
c:\projets\structuredonnee\tp1\tp1_structure\tp1_structure\x64\debug\tp1_structure.tlog\cl.read.1.tlog
c:\projets\structuredonnee\tp1\tp1_structure\tp1_structure\x64\debug\tp1_structure.tlog\cl.write.1.tlog
c:\projets\structuredonnee\tp1\tp1_structure\tp1_structure\x64\debug\tp1_structure.tlog\link-cvtres.read.1.tlog
c:\projets\structuredonnee\tp1\tp1_structure\tp1_structure\x64\debug\tp1_structure.tlog\link-cvtres.write.1.tlog
c:\projets\structuredonnee\tp1\tp1_structure\tp1_structure\x64\debug\tp1_structure.tlog\link-rc.read.1.tlog
c:\projets\structuredonnee\tp1\tp1_structure\tp1_structure\x64\debug\tp1_structure.tlog\link-rc.write.1.tlog
c:\projets\structuredonnee\tp1\tp1_structure\tp1_structure\x64\debug\tp1_structure.tlog\link.command.1.tlog
c:\projets\structuredonnee\tp1\tp1_structure\tp1_structure\x64\debug\tp1_structure.tlog\link.read.1.tlog
c:\projets\structuredonnee\tp1\tp1_structure\tp1_structure\x64\debug\tp1_structure.tlog\link.read.2.tlog
c:\projets\structuredonnee\tp1\tp1_structure\tp1_structure\x64\debug\tp1_structure.tlog\link.read.3.tlog
c:\projets\structuredonnee\tp1\tp1_structure\tp1_structure\x64\debug\tp1_structure.tlog\link.read.4.tlog
c:\projets\structuredonnee\tp1\tp1_structure\tp1_structure\x64\debug\tp1_structure.tlog\link.read.5.tlog
c:\projets\structuredonnee\tp1\tp1_structure\tp1_structure\x64\debug\tp1_structure.tlog\link.write.1.tlog
